../Drivers/Other/src/stm32f1_rc522.c:24:9:RFID_Sense	48	static
../Drivers/Other/src/stm32f1_rc522.c:43:6:Write_MFRC522	16	static
../Drivers/Other/src/stm32f1_rc522.c:59:9:Read_MFRC522	24	static
../Drivers/Other/src/stm32f1_rc522.c:85:6:SetBitMask	24	static
../Drivers/Other/src/stm32f1_rc522.c:99:6:ClearBitMask	24	static
../Drivers/Other/src/stm32f1_rc522.c:113:6:AntennaOn	8	static
../Drivers/Other/src/stm32f1_rc522.c:126:6:AntennaOff	8	static
../Drivers/Other/src/stm32f1_rc522.c:138:6:MFRC522_Reset	8	static
../Drivers/Other/src/stm32f1_rc522.c:149:6:MFRC522_Init	8	static
../Drivers/Other/src/stm32f1_rc522.c:178:9:MFRC522_ToCard	48	static
../Drivers/Other/src/stm32f1_rc522.c:294:9:MFRC522_Request	32	static
../Drivers/Other/src/stm32f1_rc522.c:319:9:MFRC522_Anticoll	32	static
../Drivers/Other/src/stm32f1_rc522.c:355:6:CalulateCRC	40	static
../Drivers/Other/src/stm32f1_rc522.c:391:9:MFRC522_SelectTag	48	static
../Drivers/Other/src/stm32f1_rc522.c:434:9:MFRC522_Auth	56	static
../Drivers/Other/src/stm32f1_rc522.c:469:9:MFRC522_Read	32	static
../Drivers/Other/src/stm32f1_rc522.c:494:9:MFRC522_Write	56	static
../Drivers/Other/src/stm32f1_rc522.c:536:6:MFRC522_Halt	24	static
